// Jest Snapshot v1, https://goo.gl/fbAQLP

exports[`Test <TitleHome /> component Should render 1`] = `
<div
  className="bg-primary font-monospace"
  style={
    Object {
      "height": "auto",
    }
  }
>
  <div
    className="text-light mx-auto text-center"
  >
    <br />
    <h2
      className="text-light"
    >
      Team Onboarding Process Support
    </h2>
    <br />
    <h6
      className="text-light"
    >
       Designing an onboarding program that is personalised 
    </h6>
    <h6
      className="text-light"
    >
       to the characteristics of the onboarder and 
    </h6>
    <h6
      className="text-light"
    >
       the team and the organisational context. 
    </h6>
    <br />
  </div>
</div>
`;
